This is pdfTeX, Version 3.141592653-2.6-1.40.22 (TeX Live 2022/dev/Debian) (preloaded format=pdflatex 2026.1.30)  16 JUN 2026 20:13
entering extended mode
 restricted \write18 enabled.
 %&-line parsing enabled.
**thesis
(./thesis.tex
LaTeX2e <2021-11-15> patch level 1
L3 programming layer <2022-01-21> (./aitthesis.cls
Document Class: aitthesis 2006/04/25 Asian Institute of Technology Thesis Class

(/usr/share/texlive/texmf-dist/tex/latex/base/report.cls
Document Class: report 2021/10/04 v1.4n Standard LaTeX document class
(/usr/share/texlive/texmf-dist/tex/latex/base/size12.clo
File: size12.clo 2021/10/04 v1.4n Standard LaTeX file (size option)
)
\c@part=\count185
\c@chapter=\count186
\c@section=\count187
\c@subsection=\count188
\c@subsubsection=\count189
\c@paragraph=\count190
\c@subparagraph=\count191
\c@figure=\count192
\c@table=\count193
\abovecaptionskip=\skip47
\belowcaptionskip=\skip48
\bibindent=\dimen138
) (./aitfont12.sty)
\descriptionmargin=\dimen139
\c@appendix=\count194
\c@sucount=\count195
\toddhack=\dimen140
\twoem=\dimen141
\zeroem=\dimen142
\fignumbox=\dimen143

(./aittitle.sty)
\c@lineno=\count196
\c@Lineno=\count197
)
(/usr/share/texlive/texmf-dist/tex/latex/graphics/graphicx.sty
Package: graphicx 2021/09/16 v1.2d Enhanced LaTeX Graphics (DPC,SPQR)

(/usr/share/texlive/texmf-dist/tex/latex/graphics/keyval.sty
Package: keyval 2014/10/28 v1.15 key=value parser (DPC)
\KV@toks@=\toks16
)
(/usr/share/texlive/texmf-dist/tex/latex/graphics/graphics.sty
Package: graphics 2021/03/04 v1.4d Standard LaTeX Graphics (DPC,SPQR)

(/usr/share/texlive/texmf-dist/tex/latex/graphics/trig.sty
Package: trig 2021/08/11 v1.11 sin cos tan (DPC)
)
(/usr/share/texlive/texmf-dist/tex/latex/graphics-cfg/graphics.cfg
File: graphics.cfg 2016/06/04 v1.11 sample graphics configuration
)
Package graphics Info: Driver file: pdftex.def on input line 107.

(/usr/share/texlive/texmf-dist/tex/latex/graphics-def/pdftex.def
File: pdftex.def 2020/10/05 v1.2a Graphics/color driver for pdftex
))
\Gin@req@height=\dimen144
\Gin@req@width=\dimen145
)
(/usr/share/texlive/texmf-dist/tex/latex/amsfonts/amssymb.sty
Package: amssymb 2013/01/14 v3.01 AMS font symbols

(/usr/share/texlive/texmf-dist/tex/latex/amsfonts/amsfonts.sty
Package: amsfonts 2013/01/14 v3.01 Basic AMSFonts support
\@emptytoks=\toks17
\symAMSa=\mathgroup4
\symAMSb=\mathgroup5
LaTeX Font Info:    Redeclaring math symbol \hbar on input line 98.
LaTeX Font Info:    Overwriting math alphabet `\mathfrak' in version `bold'
(Font)                  U/euf/m/n --> U/euf/b/n on input line 106.
))
(/usr/share/texlive/texmf-dist/tex/latex/amscls/amsthm.sty
Package: amsthm 2020/05/29 v2.20.6
\thm@style=\toks18
\thm@bodyfont=\toks19
\thm@headfont=\toks20
\thm@notefont=\toks21
\thm@headpunct=\toks22
\thm@preskip=\skip49
\thm@postskip=\skip50
\thm@headsep=\skip51
\dth@everypar=\toks23
)
(/usr/share/texlive/texmf-dist/tex/latex/amsmath/amsmath.sty
Package: amsmath 2021/10/15 v2.17l AMS math features
\@mathmargin=\skip52

For additional information on amsmath, use the `?' option.
(/usr/share/texlive/texmf-dist/tex/latex/amsmath/amstext.sty
Package: amstext 2021/08/26 v2.01 AMS text

(/usr/share/texlive/texmf-dist/tex/latex/amsmath/amsgen.sty
File: amsgen.sty 1999/11/30 v2.0 generic functions
\@emptytoks=\toks24
\ex@=\dimen146
))
(/usr/share/texlive/texmf-dist/tex/latex/amsmath/amsbsy.sty
Package: amsbsy 1999/11/29 v1.2d Bold Symbols
\pmbraise@=\dimen147
)
(/usr/share/texlive/texmf-dist/tex/latex/amsmath/amsopn.sty
Package: amsopn 2021/08/26 v2.02 operator names
)
\inf@bad=\count198
LaTeX Info: Redefining \frac on input line 234.
\uproot@=\count199
\leftroot@=\count266
LaTeX Info: Redefining \overline on input line 399.
\classnum@=\count267
\DOTSCASE@=\count268
LaTeX Info: Redefining \ldots on input line 496.
LaTeX Info: Redefining \dots on input line 499.
LaTeX Info: Redefining \cdots on input line 620.
\Mathstrutbox@=\box50
\strutbox@=\box51
\big@size=\dimen148
LaTeX Font Info:    Redeclaring font encoding OML on input line 743.
LaTeX Font Info:    Redeclaring font encoding OMS on input line 744.
\macc@depth=\count269
\c@MaxMatrixCols=\count270
\dotsspace@=\muskip16
\c@parentequation=\count271
\dspbrk@lvl=\count272
\tag@help=\toks25
\row@=\count273
\column@=\count274
\maxfields@=\count275
\andhelp@=\toks26
\eqnshift@=\dimen149
\alignsep@=\dimen150
\tagshift@=\dimen151
\tagwidth@=\dimen152
\totwidth@=\dimen153
\lineht@=\dimen154
\@envbody=\toks27
\multlinegap=\skip53
\multlinetaggap=\skip54
\mathdisplay@stack=\toks28
LaTeX Info: Redefining \[ on input line 2938.
LaTeX Info: Redefining \] on input line 2939.
) (./multirow.sty
\bigstrutjot=\dimen155
)
(/usr/share/texlive/texmf-dist/tex/latex/url/url.sty
\Urlmuskip=\muskip17
Package: url 2013/09/16  ver 3.4  Verb mode for urls, etc.
) (./algorithm.sty
Package: algorithm 2009/08/24 v0.1 Document Style `algorithm' - floating enviro
nment

(/usr/share/texlive/texmf-dist/tex/latex/float/float.sty
Package: float 2001/11/08 v1.3d Float enhancements (AL)
\c@float@type=\count276
\float@exts=\toks29
\float@box=\box52
\@float@everytoks=\toks30
\@floatcapt=\box53
)
(/usr/share/texlive/texmf-dist/tex/latex/base/ifthen.sty
Package: ifthen 2020/11/24 v1.1c Standard LaTeX ifthen package (DPC)
)
\@float@every@algorithm=\toks31
\c@algorithm=\count277
) (./algcompatible.sty
Package: algcompatible 
(./algorithmicx.sty
Package: algorithmicx 2005/04/27 v1.2 Algorithmicx

Document Style algorithmicx 1.2 - a greatly improved `algorithmic' style
\c@ALG@line=\count278
\c@ALG@rem=\count279
\c@ALG@nested=\count280
\ALG@tlm=\skip55
\ALG@thistlm=\skip56
\c@ALG@Lnr=\count281
\c@ALG@blocknr=\count282
\c@ALG@storecount=\count283
\c@ALG@tmpcounter=\count284
\ALG@tmplength=\skip57
)
Document Style - algorithmic compatible environments for the `algorithmicx' sty
le
) (./placeins.sty
Package: placeins 2005/04/18  v 2.2
) (/usr/share/texlive/texmf-dist/tex/latex/psnfss/times.sty
Package: times 2020/03/25 PSNFSS-v9.3 (SPQR) 
)
(/usr/share/texlive/texmf-dist/tex/latex/tools/array.sty
Package: array 2021/10/04 v2.5f Tabular extension package (FMi)
\col@sep=\dimen156
\ar@mcellbox=\box54
\extrarowheight=\dimen157
\NC@list=\toks32
\extratabsurround=\skip58
\backup@length=\skip59
\ar@cellbox=\box55
)
(/usr/share/texlive/texmf-dist/tex/latex/subfig/subfig.sty
Package: subfig 2005/06/28 ver: 1.3 subfig package


Package subfig Warning: Your document class has a bad definition
 of \endfigure, most likely
 \let\endfigure=\end@float
 which has now been changed to
 \def\endfigure{\end@float}
 because otherwise subsequent changes to \end@float
 (like done by several packages changing float behaviour)
 can't take effect on \endfigure.
 Please complain to your document class author.


Package subfig Warning: Your document class has a bad definition
 of \endtable, most likely
 \let\endtable=\end@float
 which has now been changed to
 \def\endtable{\end@float}
 because otherwise subsequent changes to \end@float
 (like done by several packages changing float behaviour)
 can't take effect on \endtable.
 Please complain to your document class author.

(/usr/share/texlive/texmf-dist/tex/latex/caption/caption3.sty
Package: caption3 2020/10/21 v2.2e caption3 kernel (AR)
\captionmargin=\dimen158
\captionmargin@=\dimen159
\captionwidth=\dimen160
\caption@tempdima=\dimen161
\caption@indent=\dimen162
\caption@parindent=\dimen163
\caption@hangindent=\dimen164
Package caption Info: Unknown document class (or package),
(caption)             standard defaults will be used.
Package caption Info: \@makecaption = \long macro:#1#2-> \vskip 10pt \setbox \@
tempboxa \hbox {#1 #2} \ifdim \wd \@tempboxa >\hsize \captionspace \setbox \@te
mpboxa \hbox {#1} \hangindent =\wd \@tempboxa \hangafter =0 \setbox \@tempboxa 
\hbox {\llap {#1 }#2} \unhbox \@tempboxa \par \else \hbox to\hsize {\hfil \box 
\@tempboxa \hfil } \fi  on input line 1139.
)
\c@KVtest=\count285
\sf@farskip=\skip60
\sf@captopadj=\dimen165
\sf@capskip=\skip61
\sf@nearskip=\skip62
\c@subfigure=\count286
\c@subfigure@save=\count287
\c@lofdepth=\count288
\c@subtable=\count289
\c@subtable@save=\count290
\c@lotdepth=\count291
\sf@top=\skip63
\sf@bottom=\skip64
)
LaTeX Font Info:    Trying to load font information for OT1+ptm on input line 1
6.

(/usr/share/texlive/texmf-dist/tex/latex/psnfss/ot1ptm.fd
File: ot1ptm.fd 2001/06/04 font definitions for OT1/ptm.
)
(/usr/share/texlive/texmf-dist/tex/latex/l3backend/l3backend-pdftex.def
File: l3backend-pdftex.def 2022-01-12 L3 backend support: PDF output (pdfTeX)
\l__color_backend_stack_int=\count292
\l__pdf_internal_box=\box56
)
(./thesis.aux (./frontstuff.aux) (./intro.aux) (./literature.aux)
(./baseline.aux) (./methodology.aux) (./system_implementation.aux)
(./experimental_setup.aux) (./results.aux) (./ablation.aux) (./limitations.aux)
(./conclusion.aux) (./appendix_development_log.aux)
(./appendix_reproducibility.aux) (./appendix_extra_results.aux))
\openout1 = `thesis.aux'.

LaTeX Font Info:    Checking defaults for OML/cmm/m/it on input line 16.
LaTeX Font Info:    ... okay on input line 16.
LaTeX Font Info:    Checking defaults for OMS/cmsy/m/n on input line 16.
LaTeX Font Info:    ... okay on input line 16.
LaTeX Font Info:    Checking defaults for OT1/cmr/m/n on input line 16.
LaTeX Font Info:    ... okay on input line 16.
LaTeX Font Info:    Checking defaults for T1/cmr/m/n on input line 16.
LaTeX Font Info:    ... okay on input line 16.
LaTeX Font Info:    Checking defaults for TS1/cmr/m/n on input line 16.
LaTeX Font Info:    ... okay on input line 16.
LaTeX Font Info:    Checking defaults for OMX/cmex/m/n on input line 16.
LaTeX Font Info:    ... okay on input line 16.
LaTeX Font Info:    Checking defaults for U/cmr/m/n on input line 16.
LaTeX Font Info:    ... okay on input line 16.

(/usr/share/texlive/texmf-dist/tex/context/base/mkii/supp-pdf.mkii
[Loading MPS to PDF converter (version 2006.09.02).]
\scratchcounter=\count293
\scratchdimen=\dimen166
\scratchbox=\box57
\nofMPsegments=\count294
\nofMParguments=\count295
\everyMPshowfont=\toks33
\MPscratchCnt=\count296
\MPscratchDim=\dimen167
\MPnumerator=\count297
\makeMPintoPDFobject=\count298
\everyMPtoPDFconversion=\toks34
) (/usr/share/texlive/texmf-dist/tex/latex/epstopdf-pkg/epstopdf-base.sty
Package: epstopdf-base 2020-01-24 v2.11 Base part for package epstopdf
Package epstopdf-base Info: Redefining graphics rule for `.eps' on input line 4
85.

(/usr/share/texlive/texmf-dist/tex/latex/latexconfig/epstopdf-sys.cfg
File: epstopdf-sys.cfg 2010/07/13 v1.3 Configuration of (r)epstopdf for TeX Liv
e
))
Package caption Info: Begin \AtBeginDocument code.
Package caption Info: subfig package v1.3 is loaded.
Package caption Info: End \AtBeginDocument code.
\openout2 = `frontstuff.aux'.


(./frontstuff.tex [1



{/var/lib/texmf/fonts/map/pdftex/updmap/pdftex.map}]
[2

] (./thesis.toc
Underfull \hbox (badness 10000) in paragraph at lines 44--1

 []

LaTeX Font Info:    Trying to load font information for U+msa on input line 1.
(/usr/share/texlive/texmf-dist/tex/latex/amsfonts/umsa.fd
File: umsa.fd 2013/01/14 v3.01 AMS symbols A
)
LaTeX Font Info:    Trying to load font information for U+msb on input line 1.

(/usr/share/texlive/texmf-dist/tex/latex/amsfonts/umsb.fd
File: umsb.fd 2013/01/14 v3.01 AMS symbols B
) [3

] [4] [5] [6])
\tf@toc=\write3
\openout3 = `thesis.toc'.


[7] (./thesis.lof
Overfull \hbox (7.2412pt too wide) in paragraph at lines 5--5
 [][] []\OT1/ptm/m/n/12 Pre-composite ap-ple out-puts for prim-i-tive dif-fu-si
on vari-ants. Rows 
 []

[8

])
\tf@lof=\write4
\openout4 = `thesis.lof'.

 [9] (./thesis.lot)
\tf@lot=\write5
\openout5 = `thesis.lot'.

 [10

]) [11

]
\openout2 = `intro.aux'.

 (./intro.tex
\relax \fontsize {14.4}{15}\selectfont {Chapter} 1.
[1




] [2]) [3]
\openout2 = `literature.aux'.

 (./literature.tex
\relax \fontsize {14.4}{15}\selectfont {Chapter} 2.
[4




] [5]
Underfull \hbox (badness 1648) in paragraph at lines 61--61
[]|\OT1/ptm/m/n/12 Limitation for This
 []


Underfull \hbox (badness 10000) in paragraph at lines 63--63
[]|\OT1/ptm/m/n/12 Efficient high-
 []


Underfull \hbox (badness 10000) in paragraph at lines 64--64
[]|\OT1/ptm/m/n/12 InstructPix2Pix /
 []


Underfull \hbox (badness 10000) in paragraph at lines 65--65
[]|\OT1/ptm/m/n/12 DragGAN /
 []


Underfull \hbox (badness 10000) in paragraph at lines 65--65
[]|\OT1/ptm/m/n/12 Interactive spa-tial
 []


Underfull \hbox (badness 10000) in paragraph at lines 66--66
[]|\OT1/ptm/m/n/12 Dense tar-get
 []


Underfull \hbox (badness 3590) in paragraph at lines 66--66
[]|\OT1/ptm/m/n/12 Motion-aware dif-
 []


Underfull \hbox (badness 10000) in paragraph at lines 67--67
[]|\OT1/ptm/m/n/12 Motion prim-
 []


Underfull \hbox (badness 10000) in paragraph at lines 67--67
\OT1/ptm/m/n/12 i-tives and
 []


Underfull \hbox (badness 10000) in paragraph at lines 67--67
[]|\OT1/ptm/m/n/12 Practical con-trol-
 []


Underfull \hbox (badness 4899) in paragraph at lines 67--67
[]|\OT1/ptm/m/n/12 Strongest for rigid
 []

[6]) [7]
\openout2 = `baseline.aux'.

 (./baseline.tex
\relax \fontsize {14.4}{15}\selectfont {Chapter} 3.
[8




] [9]) [10]
\openout2 = `methodology.aux'.

 (./methodology.tex
\relax \fontsize {14.4}{15}\selectfont {Chapter} 4.
[11




] [12] [13] [14] [15]) [16]
\openout2 = `system_implementation.aux'.

 (./system_implementation.tex
\relax \fontsize {14.4}{15}\selectfont {Chapter} 5.
<figures/apple_pipeline_asset.png, id=99, 1969.3575pt x 742.775pt>
File: figures/apple_pipeline_asset.png Graphic file (type png)
<use figures/apple_pipeline_asset.png>
Package pdftex.def Info: figures/apple_pipeline_asset.png  used on input line 1
4.
(pdftex.def)             Requested size: 390.25755pt x 147.1923pt.
LaTeX Font Info:    Trying to load font information for OT1+pcr on input line 2
1.
(/usr/share/texlive/texmf-dist/tex/latex/psnfss/ot1pcr.fd
File: ot1pcr.fd 2001/06/04 font definitions for OT1/pcr.
) [17




] [18 <./figures/apple_pipeline_asset.png>] [19] [20]
Underfull \hbox (badness 10000) in paragraph at lines 138--138
[]|$\OT1/pcr/m/n/10.95 backend / generate .
 []


Underfull \hbox (badness 10000) in paragraph at lines 139--139
[]|$\OT1/pcr/m/n/10.95 backend / motion _
 []


Underfull \hbox (badness 10000) in paragraph at lines 139--139
[]|\OT1/ptm/m/n/10.95 Converts prim-i-tive pa-ram-e-ters
 []


Underfull \hbox (badness 10000) in paragraph at lines 140--140
[]|$\OT1/pcr/m/n/10.95 backend /
 []


Underfull \hbox (badness 10000) in paragraph at lines 140--140
\OT1/pcr/m/n/10.95 selective _
 []


Underfull \hbox (badness 7291) in paragraph at lines 140--140
[]|\OT1/ptm/m/n/10.95 Applies mask-dependent guid-
 []


Underfull \hbox (badness 10000) in paragraph at lines 142--142
[]|$\OT1/pcr/m/n/10.95 background _
 []


Underfull \hbox (badness 10000) in paragraph at lines 143--143
[]|\OT1/ptm/m/n/10.95 Ablation com-mand
 []


Underfull \hbox (badness 10000) in paragraph at lines 143--143
[]|$\OT1/pcr/m/n/10.95 experiments / run _
 []


Underfull \hbox (badness 10000) in paragraph at lines 144--144
[]|$\OT1/pcr/m/n/10.95 experiments /
 []


Underfull \hbox (badness 10000) in paragraph at lines 144--144
\OT1/pcr/m/n/10.95 compute _ metrics .
 []


Underfull \hbox (badness 10000) in paragraph at lines 145--145
[]|$\OT1/pcr/m/n/10.95 experiments / plot _
 []


Underfull \hbox (badness 2181) in paragraph at lines 145--145
[]|\OT1/ptm/m/n/10.95 Plots saved loss and gradient-
 []


Underfull \hbox (badness 10000) in paragraph at lines 146--146
[]|$\OT1/pcr/m/n/10.95 backend / mg _ api /
 []


Underfull \hbox (badness 10000) in paragraph at lines 147--147
[]|$\OT1/pcr/m/n/10.95 frontend / src / app /
 []

[21]) [22]
\openout2 = `experimental_setup.aux'.

 (./experimental_setup.tex
\relax \fontsize {14.4}{15}\selectfont {Chapter} 6.

Underfull \hbox (badness 10000) in paragraph at lines 33--33
[]|$\OT1/pcr/m/n/10.95 . / data /
 []


Underfull \hbox (badness 1127) in paragraph at lines 36--36
[]|\OT1/ptm/m/n/10.95 Presentation pre-set; not
 []


Underfull \hbox (badness 10000) in paragraph at lines 37--37
[]|$\OT1/pcr/m/n/10.95 . / data /
 []


Underfull \hbox (badness 1127) in paragraph at lines 37--37
[]|\OT1/ptm/m/n/10.95 Presentation pre-set; not
 []


Underfull \hbox (badness 10000) in paragraph at lines 57--57
[]|\OT1/ptm/m/n/10.95 Image rep-re-sen-ta-
 []

[23




]
Underfull \hbox (badness 10000) in paragraph at lines 75--75
[]|\OT1/ptm/m/n/10.95 Primitive trans-
 []


Underfull \hbox (badness 10000) in paragraph at lines 76--76
[]|\OT1/ptm/m/n/10.95 Primitive trans-
 []


Underfull \hbox (badness 10000) in paragraph at lines 77--77
[]|\OT1/ptm/m/n/10.95 Primitive trans-
 []


Underfull \hbox (badness 5475) in paragraph at lines 79--79
[]|\OT1/ptm/m/n/10.95 Presentation as-
 []


Underfull \hbox (badness 10000) in paragraph at lines 79--79
[]|\OT1/ptm/m/n/10.95 Excluded from
 []


Underfull \hbox (badness 5475) in paragraph at lines 80--80
[]|\OT1/ptm/m/n/10.95 Presentation as-
 []


Underfull \hbox (badness 10000) in paragraph at lines 80--80
[]|\OT1/ptm/m/n/10.95 Excluded from
 []

[24]
Underfull \hbox (badness 1038) in paragraph at lines 114--114
[]|\OT1/ptm/m/n/10.95 Diffusion is skipped; prim-i-tive trans-la-tion, source-h
ole
 []


Underfull \hbox (badness 10000) in paragraph at lines 115--115
[]|\OT1/ptm/m/n/10.95 Original Mo-tion
 []


Underfull \hbox (badness 3396) in paragraph at lines 118--118
[]|\OT1/ptm/m/n/10.95 Primitive ini-tial-iza-tion, RAFT guid-ance, preser-va-ti
on,
 []

[25] [26] [27]) [28]
\openout2 = `results.aux'.

 (./results.tex
\relax \fontsize {14.4}{15}\selectfont {Chapter} 7.
[29




]
Overfull \hbox (1.11966pt too wide) in paragraph at lines 46--55
 [][] 
 []

[30]
<figures/apple_ablation_flow_loss.png, id=149, 650.43pt x 375.804pt>
File: figures/apple_ablation_flow_loss.png Graphic file (type png)
<use figures/apple_ablation_flow_loss.png>
Package pdftex.def Info: figures/apple_ablation_flow_loss.png  used on input li
ne 67.
(pdftex.def)             Requested size: 419.16621pt x 242.18816pt.
<figures/apple_ablation_total_energy.png, id=150, 650.43pt x 375.804pt>
File: figures/apple_ablation_total_energy.png Graphic file (type png)
<use figures/apple_ablation_total_energy.png>
Package pdftex.def Info: figures/apple_ablation_total_energy.png  used on input
 line 76.
(pdftex.def)             Requested size: 419.16621pt x 242.18816pt.
<figures/apple_ablation_final_grid.png, id=151, 1304.875pt x 782.925pt>
File: figures/apple_ablation_final_grid.png Graphic file (type png)
<use figures/apple_ablation_final_grid.png>
Package pdftex.def Info: figures/apple_ablation_final_grid.png  used on input l
ine 87.
(pdftex.def)             Requested size: 426.39255pt x 255.8334pt.
<figures/apple_ablation_pre_composite_grid.png, id=152, 843.15pt x 843.15pt>
File: figures/apple_ablation_pre_composite_grid.png Graphic file (type png)
<use figures/apple_ablation_pre_composite_grid.png>
Package pdftex.def Info: figures/apple_ablation_pre_composite_grid.png  used on
 input line 96.
(pdftex.def)             Requested size: 411.93877pt x 411.93776pt.
 [31] [32 <./figures/apple_ablation_flow_loss.png>] [33 <./figures/apple_ablati
on_total_energy.png> <./figures/apple_ablation_final_grid.png>] [34 <./figures/
apple_ablation_pre_composite_grid.png>]
Underfull \hbox (badness 10000) in paragraph at lines 126--126
[]|\OT1/ptm/m/n/8 0.0005 $\OMS/cmsy/m/n/8 ^^F$
 []


Underfull \hbox (badness 10000) in paragraph at lines 127--127
[]|\OT1/ptm/m/n/8 0.0014 $\OMS/cmsy/m/n/8 ^^F$
 []

<figures/teapot_full_pipeline_grid.png, id=168, 983.675pt x 686.565pt>
File: figures/teapot_full_pipeline_grid.png Graphic file (type png)
<use figures/teapot_full_pipeline_grid.png>
Package pdftex.def Info: figures/teapot_full_pipeline_grid.png  used on input l
ine 135.
(pdftex.def)             Requested size: 426.39255pt x 297.60574pt.
<figures/tree_full_pipeline_grid.png, id=169, 883.3pt x 686.565pt>
File: figures/tree_full_pipeline_grid.png Graphic file (type png)
<use figures/tree_full_pipeline_grid.png>
Package pdftex.def Info: figures/tree_full_pipeline_grid.png  used on input lin
e 144.
(pdftex.def)             Requested size: 426.39255pt x 331.42268pt.

Underfull \hbox (badness 2503) in paragraph at lines 160--160
[]|\OT1/ptm/m/n/10.95 Primary con-trolled quan-ti-ta-
 []


Underfull \hbox (badness 10000) in paragraph at lines 161--161
[]|\OT1/ptm/m/n/10.95 Additional contained-
 []


Underfull \hbox (badness 10000) in paragraph at lines 161--161
\OT1/ptm/m/n/10.95 translation ev-i-dence; fi-nal
 []


Underfull \hbox (badness 10000) in paragraph at lines 162--162
[]|\OT1/ptm/m/n/10.95 File-flow
 []


Underfull \hbox (badness 1571) in paragraph at lines 163--163
[]|\OT1/ptm/m/n/10.95 Excluded from main re-sults
 []


Underfull \hbox (badness 4739) in paragraph at lines 163--163
\OT1/ptm/m/n/10.95 be-cause the ob-ject sup-port
 []

[35] [36 <./figures/teapot_full_pipeline_grid.png>] [37 <./figures/tree_full_pi
peline_grid.png (PNG copy)>]) [38]
\openout2 = `ablation.aux'.

 (./ablation.tex
\relax \fontsize {14.4}{15}\selectfont {Chapter} 8.

Underfull \hbox (badness 10000) in paragraph at lines 40--40
[]|\OT1/ptm/m/n/10.95 Original Mo-tion
 []


Underfull \hbox (badness 4886) in paragraph at lines 40--40
\OT1/ptm/m/n/10.95 line be-have on the ap-ple
 []


Underfull \hbox (badness 3078) in paragraph at lines 41--41
[]|\OT1/ptm/m/n/10.95 What hap-pens when hard-
 []


Underfull \hbox (badness 4366) in paragraph at lines 41--41
\OT1/ptm/m/n/10.95 warp ini-tial-iza-tion is used
 []


Underfull \hbox (badness 3849) in paragraph at lines 42--42
[]|\OT1/ptm/m/n/10.95 Does RAFT guid-ance im-
 []

[39




] [40] [41] [42])
\openout2 = `limitations.aux'.

 (./limitations.tex
\relax \fontsize {14.4}{15}\selectfont {Chapter} 9.
[43





] [44]) [45] [46]
\openout2 = `conclusion.aux'.

 (./conclusion.tex
\relax \fontsize {14.4}{15}\selectfont {Chapter} 10.
[47




]) [48] [49] (./thesis.bbl [50


]) [51]
\openout2 = `appendix_development_log.aux'.

 (./appendix_development_log.tex
Underfull \hbox (badness 1577) in paragraph at lines 36--36
[]|\OT1/ptm/m/n/8 Background cleanup and fi-nal
 []


Underfull \hbox (badness 2790) in paragraph at lines 36--36
[]|\OT1/ptm/m/n/8 Tested source-hole cleanup, com-
 []


Underfull \hbox (badness 1571) in paragraph at lines 37--37
[]|\OT1/ptm/m/n/8 Thesis writ-ing and restora-tion
 []


Underfull \hbox (badness 10000) in paragraph at lines 38--38
[]|\OT1/ptm/m/n/8 Contained-translation path
 []


Underfull \hbox (badness 2443) in paragraph at lines 39--39
\OT1/ptm/m/n/8 and shipped-asset load-ing for se-
 []


Underfull \hbox (badness 7291) in paragraph at lines 39--39
[]|\OT1/ptm/m/n/8 Presentation path sep-a-rated
 []

[52

] [53]
Underfull \hbox (badness 10000) in paragraph at lines 89--89
[]|\OT1/ptm/m/n/8 Non-rigid de-for-ma-tion lim-i-ta-tion
 []

) [54] [55]
\openout2 = `appendix_reproducibility.aux'.

 (./appendix_reproducibility.tex [56



]
Underfull \hbox (badness 1694) in paragraph at lines 81--81
[]|\OT1/ptm/m/n/8 a por-trait photo of a
 []


Underfull \hbox (badness 10000) in paragraph at lines 81--81
[]|\OT1/ptm/m/n/8 presentation as-set
 []


Underfull \hbox (badness 10000) in paragraph at lines 82--82
[]|\OT1/ptm/m/n/8 presentation as-set
 []

[57] [58] [59] [60]) [61] [62]
\openout2 = `appendix_extra_results.aux'.

 (./appendix_extra_results.tex
File: figures/apple_pipeline_asset.png Graphic file (type png)
<use figures/apple_pipeline_asset.png>
Package pdftex.def Info: figures/apple_pipeline_asset.png  used on input line 1
6.
(pdftex.def)             Requested size: 404.71243pt x 152.64388pt.
File: figures/apple_ablation_final_grid.png Graphic file (type png)
<use figures/apple_ablation_final_grid.png>
Package pdftex.def Info: figures/apple_ablation_final_grid.png  used on input l
ine 27.
(pdftex.def)             Requested size: 426.39255pt x 255.8334pt.
File: figures/apple_ablation_pre_composite_grid.png Graphic file (type png)
<use figures/apple_ablation_pre_composite_grid.png>
Package pdftex.def Info: figures/apple_ablation_pre_composite_grid.png  used on
 input line 36.
(pdftex.def)             Requested size: 411.93877pt x 411.93776pt.
 [63



]
File: figures/teapot_full_pipeline_grid.png Graphic file (type png)
<use figures/teapot_full_pipeline_grid.png>
Package pdftex.def Info: figures/teapot_full_pipeline_grid.png  used on input l
ine 47.
(pdftex.def)             Requested size: 426.39255pt x 297.60574pt.
File: figures/tree_full_pipeline_grid.png Graphic file (type png)
<use figures/tree_full_pipeline_grid.png>
Package pdftex.def Info: figures/tree_full_pipeline_grid.png  used on input lin
e 56.
(pdftex.def)             Requested size: 426.39255pt x 331.42268pt.

Underfull \hbox (badness 4378) in paragraph at lines 79--79
[]|\OT1/ptm/m/n/8 Additional contained-translation ev-i-
 []

) [64] [65] [66] [67] [68] (./thesis.aux (./frontstuff.aux) (./intro.aux)
(./literature.aux) (./baseline.aux) (./methodology.aux)
(./system_implementation.aux) (./experimental_setup.aux) (./results.aux)
(./ablation.aux) (./limitations.aux) (./conclusion.aux)
(./appendix_development_log.aux) (./appendix_reproducibility.aux)
(./appendix_extra_results.aux)) ) 
Here is how much of TeX's memory you used:
 5252 strings out of 478287
 90998 string characters out of 5849289
 385838 words of memory out of 5000000
 23258 multiletter control sequences out of 15000+600000
 493788 words of font info for 80 fonts, out of 8000000 for 9000
 1141 hyphenation exceptions out of 8191
 55i,13n,63p,776b,396s stack positions out of 5000i,500n,10000p,200000b,80000s
{/usr/share/texlive/texmf-dist/fonts/enc/dvips
/base/8r.enc}</usr/share/texlive/texmf-dist/fonts/type1/public/amsfonts/cm/cmex
10.pfb></usr/share/texlive/texmf-dist/fonts/type1/public/amsfonts/cm/cmmi10.pfb
></usr/share/texlive/texmf-dist/fonts/type1/public/amsfonts/cm/cmmi6.pfb></usr/
share/texlive/texmf-dist/fonts/type1/public/amsfonts/cm/cmmi8.pfb></usr/share/t
exlive/texmf-dist/fonts/type1/public/amsfonts/cm/cmr10.pfb></usr/share/texlive/
texmf-dist/fonts/type1/public/amsfonts/cm/cmr6.pfb></usr/share/texlive/texmf-di
st/fonts/type1/public/amsfonts/cm/cmr8.pfb></usr/share/texlive/texmf-dist/fonts
/type1/public/amsfonts/cm/cmsy10.pfb></usr/share/texlive/texmf-dist/fonts/type1
/public/amsfonts/cm/cmsy6.pfb></usr/share/texlive/texmf-dist/fonts/type1/public
/amsfonts/cm/cmsy8.pfb></usr/share/texlive/texmf-dist/fonts/type1/public/amsfon
ts/symbols/msbm10.pfb></usr/share/texlive/texmf-dist/fonts/type1/urw/courier/uc
rr8a.pfb></usr/share/texlive/texmf-dist/fonts/type1/urw/times/utmb8a.pfb></usr/
share/texlive/texmf-dist/fonts/type1/urw/times/utmr8a.pfb></usr/share/texlive/t
exmf-dist/fonts/type1/urw/times/utmri8a.pfb>
Output written on thesis.pdf (79 pages, 13840741 bytes).
PDF statistics:
 348 PDF objects out of 1000 (max. 8388607)
 224 compressed objects within 3 object streams
 0 named destinations out of 1000 (max. 500000)
 36 words of extra memory for PDF output out of 10000 (max. 10000000)

